Test on : Wed May 15 13:09:54 CEST 2019
Test on : Wed May 15 13:15:06 CEST 2019
Test on : Wed May 15 13:16:00 CEST 2019
Test on : Wed May 15 13:47:50 CEST 2019
Test on : Wed May 15 13:48:37 CEST 2019
Test on : Wed May 15 13:49:13 CEST 2019
Test on : Wed May 15 13:50:18 CEST 2019
Test on : Wed May 15 14:08:54 CEST 2019
